Algorithm Brewing, who brewed 1 beer in 2021
Batch Brewing Co, who brewed 6 beers in 2018, 2019, 2020 and 2021
Grifter Brewing Co, who brewed 2 beers in 2021
Sauce Brewing Co, who brewed 2 beers in 2019 and 2021
Stockade Brew Co, who brewed 7 beers in 2018, 2019, 2020 and 2021
Wildflower Brewing and Blending, who brewed 2 beers in 2019
