Bacchus Brewing Company, who brewed 15 beers in 2016, 2018 and 2021
Ballistic Beer Company, who brewed 2 beers in 2020 and 2021
Balter Brewing Co, who brewed 4 beers in 2019, 2020 and 2021
Black Hops, who brewed 4 beers in 2020
Castlemaine Perkins Brewery, who brewed 1 beer in 2021
Green Beacon Brewing Co, who brewed 2 beers in 2018 and 2019
Newstead Brewing Company, who brewed 2 beers in 2020 and 2021
Range Brewing, who brewed 2 beers in 2021
Sea Legs Brewing Co, who brewed 1 beer in 2021
