AleSmith Brewing Co, who brewed 7 beers in 2019 and 2020
Almanac Beer Company, who brewed 1 beer in 2020
Alpine Beer Company, who brewed 0 beers
Anderson Valley Brewing Company, who brewed 3 beers in 2019 and 2020
Ballast Point Brewing Co, who brewed 3 beers in 2018 and 2019
Bear Republic Brewing, who brewed 3 beers in 2019 and 2020
Belching Beaver Brewery, who brewed 4 beers in 2019 and 2020
Cellarmaker Brewing Co, who brewed 1 beer in 2018
El Segundo Brewing Company, who brewed 2 beers in 2021
Figueroa Mountain Brewing Co, who brewed 1 beer in 2019
Firestone Walker Brewing Company, who brewed 2 beers in 2019 and 2020
Golden Road Brewing, who brewed 2 beers in 2021
Heretic Brewing, who brewed 3 beers in 2020
High Water Brewing Inc, who brewed 2 beers in 2019
Humble Sea Brewing, who brewed 2 beers in 2020 and 2021
Karl Strauss Brewing Company, who brewed 1 beer in 2020
Knee Deep Brewing Co, who brewed 2 beers in 2019 and 2020
Local Brewing Co, who brewed 1 beer in 2021
Modern Times Beer, who brewed 8 beers in 2019, 2020 and 2021
Monkish Brewing Company, who brewed 1 beer in 2021
Moonraker Brewing, who brewed 1 beer in 2017
Mother Earth Brew Company, who brewed 1 beer in 2020
Northcoast Brewing Co, who brewed 1 beer in 2018
Offshoot Beer, who brewed 2 beers in 2020
Pizza Port Brewing Company, who brewed 3 beers in 2020 and 2021
Sierra Nevada Brewing Company, who brewed 17 beers in 2012, 2013, 2017, 2018, 2019, 2020 and 2021
Smoge City Brewing Co, who brewed 1 beer in 2020
Societe Brewing Company, who brewed 1 beer in 2020
Stone Brewing, who brewed 3 beers in 2019 and 2020
The Bruery, who brewed 2 beers in 2019 and 2021
