AleSmith Brewing Co, who brewed 7 beers in 2019 and 2020
Ballast Point Brewing Co, who brewed 3 beers in 2018 and 2019
Belching Beaver Brewery, who brewed 4 beers in 2019 and 2020
Karl Strauss Brewing Company, who brewed 1 beer in 2020
Modern Times Beer, who brewed 8 beers in 2019, 2020 and 2021
Pizza Port Brewing Company, who brewed 3 beers in 2020 and 2021
Societe Brewing Company, who brewed 1 beer in 2020
Stone Brewing, who brewed 3 beers in 2019 and 2020
