             beer              |           brewery            | rating 
-------------------------------+------------------------------+--------
 Carlton Draught               | Carlton and United Breweries |      1
 Cero                          | Grupo Modelo - Corona        |      1
 Maple Banana Split Your Pants | Urban Alley Brewery          |      1
(3 rows)
