                brewery                
---------------------------------------
 Beatnik Beer
 Billson's Brewery
 Capital Brewing Co
 Carlton and United Breweries
 Castlemaine Perkins Brewery
 Darkes Cider
 Little Creatures Brewing (Lion/Kirin)
 Matso's Broome Brewery
 Mountain Goat Beer
 Mudgee Brewing Co
 Murrays Brewing Co
 Sail and Anchor Brewing Co
 Tooheys Brothers
 Urban Alley Brewery
 Van Dieman Brewing
 Willie Smiths Cidery
 Wolf of the Willows Brewing Co
(17 rows)
